F, [2015-05-03T19:34:42.681552 #8324] FATAL -- : 
ActionController::RoutingError (No route matches [GET] "/signout"):
  actionpack (4.0.2) lib/action_dispatch/middleware/debug_exceptions.rb:21:in `call'
  actionpack (4.0.2) lib/action_dispatch/middleware/show_exceptions.rb:30:in `call'
  railties (4.0.2) lib/rails/rack/logger.rb:38:in `call_app'
  railties (4.0.2) lib/rails/rack/logger.rb:20:in `block in call'
  activesupport (4.0.2) lib/active_support/tagged_logging.rb:67:in `block in tagged'
  activesupport (4.0.2) lib/active_support/tagged_logging.rb:25:in `tagged'
  activesupport (4.0.2) lib/active_support/tagged_logging.rb:67:in `tagged'
  railties (4.0.2) lib/rails/rack/logger.rb:20:in `call'
  actionpack (4.0.2) lib/action_dispatch/middleware/request_id.rb:21:in `call'
  rack (1.5.2) lib/rack/methodoverride.rb:21:in `call'
  rack (1.5.2) lib/rack/runtime.rb:17:in `call'
  activesupport (4.0.2) lib/active_support/cache/strategy/local_cache.rb:83:in `call'
  rack (1.5.2) lib/rack/sendfile.rb:112:in `call'
  railties (4.0.2) lib/rails/engine.rb:511:in `call'
  railties (4.0.2) lib/rails/application.rb:97:in `call'
  unicorn (4.8.3) lib/unicorn/http_server.rb:576:in `process_client'
  unicorn (4.8.3) lib/unicorn/http_server.rb:670:in `worker_loop'
  unicorn (4.8.3) lib/unicorn/http_server.rb:525:in `spawn_missing_workers'
  unicorn (4.8.3) lib/unicorn/http_server.rb:140:in `start'
  unicorn (4.8.3) bin/unicorn:126:in `<top (required)>'
  /usr/local/rvm/gems/ruby-2.1.3/bin/unicorn:23:in `load'
  /usr/local/rvm/gems/ruby-2.1.3/bin/unicorn:23:in `<main>'
  /usr/local/rvm/gems/ruby-2.0.0-p353/bin/ruby_executable_hooks:15:in `eval'
  /usr/local/rvm/gems/ruby-2.0.0-p353/bin/ruby_executable_hooks:15:in `<main>'


I, [2015-05-03T19:34:42.687612 #8326]  INFO -- : Processing by HomeController#index as HTML
I, [2015-05-03T19:34:42.698102 #8326]  INFO -- :   Rendered home/index.html.erb within layouts/application (0.7ms)
I, [2015-05-03T19:34:42.699443 #8326]  INFO -- : Completed 200 OK in 12ms (Views: 3.7ms | ActiveRecord: 0.0ms)
I, [2015-05-03T19:34:42.922148 #8324]  INFO -- : Started GET "/assets/rails.png" for 201.75.161.53 at 2015-05-03 19:34:42 +0000
I, [2015-05-03T19:38:14.714698 #8321]  INFO -- : Started GET "/auth/failure?message=invalid_credentials&strategy=facebook" for 189.55.133.117 at 2015-05-03 19:38:14 +0000
I, [2015-05-03T19:38:14.862480 #8321]  INFO -- : Processing by SessionsController#failure as HTML
I, [2015-05-03T19:38:14.862680 #8321]  INFO -- :   Parameters: {"message"=>"invalid_credentials", "strategy"=>"facebook"}
I, [2015-05-03T19:38:14.873536 #8321]  INFO -- :   Rendered sessions/failure.html.erb within layouts/application (0.6ms)
I, [2015-05-03T19:38:14.875278 #8321]  INFO -- : Completed 200 OK in 12ms (Views: 4.6ms | ActiveRecord: 0.0ms)
I, [2015-05-03T19:38:18.327047 #8324]  INFO -- : Started GET "/auth/facebook" for 189.55.133.117 at 2015-05-03 19:38:18 +0000
I, [2015-05-03T19:38:18.773006 #8321]  INFO -- : Started GET "/auth/facebook/callback?code=AQBhKgD3HKLItulBnLwzlJ6Aw5y1xtMkuBeZa--p-hoGHwSPNHJr4bc9rEG6ErKWnWuC8WZHoEOfQzoWuFMUIwpAWGzmmFcPvWCa7l9LIc_NHuDgPAoKuW2EHiOR8TbO510zqLAXlmQ1qLREV2NcmYxfATdLJDrUmhi4Vg87hn1ChNCovAbuoXc-TZIQ4MKYE9kDChwAToYzuKtRd3cheOmHKx1JHLTNJruDDUREXwgOu4u4TJ6UZQq-H09n1HJYnwLZcOKJB_AFr4G1GfobZRipU4nNBHWqoIwPABZeb-cF9hkg9pDSOLg-Rsd4qPz-76FcDWn73b5Q4oJnHDERtzbc&state=35834c232ebbed365d4d367c473a084b72bead13d57b9fcb" for 189.55.133.117 at 2015-05-03 19:38:18 +0000
I, [2015-05-03T19:38:19.145318 #8324]  INFO -- : Started GET "/auth/failure?message=invalid_credentials&strategy=facebook" for 189.55.133.117 at 2015-05-03 19:38:19 +0000
I, [2015-05-03T19:38:19.160265 #8324]  INFO -- : Processing by SessionsController#failure as HTML
I, [2015-05-03T19:38:19.160529 #8324]  INFO -- :   Parameters: {"message"=>"invalid_credentials", "strategy"=>"facebook"}
I, [2015-05-03T19:38:19.173083 #8324]  INFO -- :   Rendered sessions/failure.html.erb within layouts/application (2.0ms)
I, [2015-05-03T19:38:19.178286 #8324]  INFO -- : Completed 200 OK in 17ms (Views: 13.1ms | ActiveRecord: 0.0ms)
I, [2015-05-03T19:39:00.106908 #8547]  INFO -- : Started GET "/" for 201.75.161.53 at 2015-05-03 19:39:00 +0000
I, [2015-05-03T19:39:00.190613 #8547]  INFO -- : Processing by HomeController#index as HTML
I, [2015-05-03T19:39:00.200776 #8547]  INFO -- :   Rendered home/index.html.erb within layouts/application (0.5ms)
I, [2015-05-03T19:39:00.202202 #8547]  INFO -- : Completed 200 OK in 11ms (Views: 3.7ms | ActiveRecord: 0.0ms)
I, [2015-05-03T19:39:09.721214 #8544]  INFO -- : Started GET "/" for 189.55.133.117 at 2015-05-03 19:39:09 +0000
I, [2015-05-03T19:39:09.807436 #8544]  INFO -- : Processing by HomeController#index as HTML
I, [2015-05-03T19:39:09.817834 #8544]  INFO -- :   Rendered home/index.html.erb within layouts/application (0.5ms)
I, [2015-05-03T19:39:09.819369 #8544]  INFO -- : Completed 200 OK in 12ms (Views: 3.9ms | ActiveRecord: 0.0ms)
I, [2015-05-03T19:39:10.078991 #8547]  INFO -- : Started GET "/" for 200.100.26.190 at 2015-05-03 19:39:10 +0000
I, [2015-05-03T19:39:10.081372 #8547]  INFO -- : Processing by HomeController#index as HTML
I, [2015-05-03T19:39:10.082635 #8547]  INFO -- :   Rendered home/index.html.erb within layouts/application (0.1ms)
I, [2015-05-03T19:39:10.083436 #8547]  INFO -- : Completed 200 OK in 2ms (Views: 1.3ms | ActiveRecord: 0.0ms)
I, [2015-05-03T19:39:29.240978 #8544]  INFO -- : Started GET "/auth/failure?message=no_authorization_code&strategy=facebook" for 177.143.140.83 at 2015-05-03 19:39:29 +0000
I, [2015-05-03T19:39:29.245956 #8544]  INFO -- : Processing by SessionsController#failure as HTML
I, [2015-05-03T19:39:29.246107 #8544]  INFO -- :   Parameters: {"message"=>"no_authorization_code", "strategy"=>"facebook"}
I, [2015-05-03T19:39:29.251184 #8544]  INFO -- :   Rendered sessions/failure.html.erb within layouts/application (0.7ms)
I, [2015-05-03T19:39:29.253011 #8544]  INFO -- : Completed 200 OK in 7ms (Views: 4.7ms | ActiveRecord: 0.0ms)
I, [2015-05-03T19:39:34.907128 #8541]  INFO -- : Started GET "/auth/facebook/callback?code=AQBNMxwl-pW4OuQBlcjPhLc-BUCKm7jpx82G1QY6VLd8f65wx04CPworRw_VFX8q6QW_6obtktu-CL56E11AWXBmKozAcvmPu82IQlZBbzeLrP4rdzkWDvBcHvL4LqGsRbIw3OADFTUqtWGIJO2DtX4ZBOrfmYqJVowo7es4IkWe9OjQwqMRtjx3f3pS9WZ1bqE_Cl3j-ynEoedkZxx-7-g46tjedQfS2s5Ar29AVJ_xkJx6IpYvKIM5bMNH7uVMUFE1fH_LbLIdgTlmQ9FTyIRjCqp2oFnYpY3etRBghx9XWxzg8W198jrT1O6i6mRdS3X2wwd71c-XtdCzPNYPyneO&state=b4bad09e80615fa6b73f6aa969090ebaa67f7bb6b9e317d2" for 177.143.140.83 at 2015-05-03 19:39:34 +0000
I, [2015-05-03T19:39:39.689772 #8544]  INFO -- : Started GET "/" for 177.143.140.83 at 2015-05-03 19:39:39 +0000
I, [2015-05-03T19:39:39.702696 #8544]  INFO -- : Processing by HomeController#index as HTML
I, [2015-05-03T19:39:39.708613 #8544]  INFO -- :   Rendered home/index.html.erb within layouts/application (0.3ms)
I, [2015-05-03T19:39:39.711817 #8544]  INFO -- : Completed 200 OK in 9ms (Views: 5.4ms | ActiveRecord: 0.0ms)
I, [2015-05-03T19:39:40.683207 #8541]  INFO -- : Started GET "/auth/facebook" for 200.100.26.190 at 2015-05-03 19:39:40 +0000
I, [2015-05-03T19:39:41.220237 #8547]  INFO -- : Started GET "/auth/facebook/callback?code=AQAwJvb0d0F3OvGPL1i5hgz_u5PLn7zZG-3GOhjZaapzhwYYggS04Ag6TCEK_0IeIBpdvlzXsypof-nPS_DIss_vSpr47aLYWY7Y3j2OmFwxXuK-I74A97hg2BXHQsQEex3JikOUI-P3Y52IcpbNVrEzXIEADPmiOyI-ia52hRPhOArhPitPFpToHUhuXoEH4EjbslKChX3RMDCOKnlKVK7QzFWAzvx8S62_zfrNj_DVOSUHQXoV8hdk7ukJ2FgR5xdyuKGYl89QNzz_WqALeytQDjsmVbq186GeV4VkwAShdFqfVq7dxRC4fJXZuyyJQEGqbh6BjgC9IG352Y0rFSPb&state=b0827ebd81c856691b87a1380ee041fdf58d407453cf290e" for 200.100.26.190 at 2015-05-03 19:39:41 +0000
I, [2015-05-03T19:39:41.717465 #8541]  INFO -- : Started GET "/auth/failure?message=invalid_credentials&strategy=facebook" for 200.100.26.190 at 2015-05-03 19:39:41 +0000
I, [2015-05-03T19:39:41.724981 #8541]  INFO -- : Processing by SessionsController#failure as HTML
I, [2015-05-03T19:39:41.725273 #8541]  INFO -- :   Parameters: {"message"=>"invalid_credentials", "strategy"=>"facebook"}
I, [2015-05-03T19:39:41.730844 #8541]  INFO -- :   Rendered sessions/failure.html.erb within layouts/application (0.9ms)
I, [2015-05-03T19:39:41.733280 #8541]  INFO -- : Completed 200 OK in 8ms (Views: 5.8ms | ActiveRecord: 0.0ms)
I, [2015-05-03T19:40:32.768093 #8547]  INFO -- : Started GET "/" for 201.75.161.53 at 2015-05-03 19:40:32 +0000
I, [2015-05-03T19:40:32.781335 #8547]  INFO -- : Processing by HomeController#index as HTML
I, [2015-05-03T19:40:32.788300 #8547]  INFO -- :   Rendered home/index.html.erb within layouts/application (0.3ms)
I, [2015-05-03T19:40:32.792284 #8547]  INFO -- : Completed 200 OK in 10ms (Views: 6.4ms | ActiveRecord: 0.0ms)
I, [2015-05-03T19:40:35.362952 #8538]  INFO -- : Started GET "/auth/facebook" for 201.75.161.53 at 2015-05-03 19:40:35 +0000
I, [2015-05-03T19:40:36.337976 #8547]  INFO -- : Started GET "/auth/facebook/callback?code=AQD_3HelqIXqyAwsAirTVdYMohWIMhL3OnRUWMZO2U62CC4tAER0c43HZ8w1YJmIJNn5yH--2TXwzaMEkzDgEOp2NI1GMH0hKXIKkq6ibQ8Ybq_hqKP-9gOipYKqooCCJnrJfQFWGIz6jl_I7RTYQAHfc_gqezTpZRs_ZIxX0UgU7lyD2uQhCYfU-OrcVO0_cu72KQQN_y7EBHtA2KC6YngrbccpDQKsiRodCq00j7IBc7OhB7c-vSoT-8j-s_vt7x75sVA7EOzFFzqYGpmemm3di5fASU6G9Ri08pt7iq8UGd0IcSQbo3xup5gGXLY0pzucQgfkLl3Dx82AR3mFfsS2&state=f25aace2da9eac8f1ad36cf4cf922a014b8a3e602ceedab5" for 201.75.161.53 at 2015-05-03 19:40:36 +0000
I, [2015-05-03T19:40:36.717808 #8538]  INFO -- : Started GET "/auth/failure?message=invalid_credentials&strategy=facebook" for 201.75.161.53 at 2015-05-03 19:40:36 +0000
I, [2015-05-03T19:40:36.727699 #8538]  INFO -- : Processing by SessionsController#failure as HTML
I, [2015-05-03T19:40:36.727904 #8538]  INFO -- :   Parameters: {"message"=>"invalid_credentials", "strategy"=>"facebook"}
I, [2015-05-03T19:40:36.735692 #8538]  INFO -- :   Rendered sessions/failure.html.erb within layouts/application (1.3ms)
I, [2015-05-03T19:40:36.740631 #8538]  INFO -- : Completed 200 OK in 12ms (Views: 10.2ms | ActiveRecord: 0.0ms)
I, [2015-05-03T19:46:19.169065 #8544]  INFO -- : Started GET "/" for 200.100.26.190 at 2015-05-03 19:46:19 +0000
I, [2015-05-03T19:46:19.180665 #8544]  INFO -- : Processing by HomeController#index as HTML
I, [2015-05-03T19:46:19.187577 #8544]  INFO -- :   Rendered home/index.html.erb within layouts/application (0.4ms)
I, [2015-05-03T19:46:19.191304 #8544]  INFO -- : Completed 200 OK in 10ms (Views: 6.6ms | ActiveRecord: 0.0ms)
I, [2015-05-03T19:46:24.198925 #8541]  INFO -- : Started GET "/auth/facebook" for 200.100.26.190 at 2015-05-03 19:46:24 +0000
I, [2015-05-03T19:46:24.778997 #8544]  INFO -- : Started GET "/auth/facebook/callback?code=AQBkJ5v6wyTvP_u-5rB8s9cNocro6x-1CoimP6Cnr-94gMqNk3pLIL7jt4D5kvivP0KPAkJBQVPVSmS6rW9TtYZ9OBTjSSbGSxC0nFutnIm731uDJdPW21Zkeg_yqXVzIFGG9poJyKfpjeaaDRaSUlsLpIkip-VdSXhUCfqUKocGpZ9Mlskle_C4idXzFDAt2BO93FFGdmH34cGGZtD6veXQM3Z2I0N5tR8dyE8ITHWptNPWZY63SK8VzF0FoufoDowJF2rlOTgNle3VOagbfry7eEdpwcJOHrPlFOwyO0hsQSm9eUaq9he-hOhHFIU-nW8PhsUfkg1kEoIAgLcIgAI2&state=77fd6d18ca488e254b38bbc000f6d35074fc793d8e391b9a" for 200.100.26.190 at 2015-05-03 19:46:24 +0000
I, [2015-05-03T19:46:24.865111 #8541]  INFO -- : Started GET "/auth/failure?message=invalid_credentials&strategy=facebook" for 189.55.133.117 at 2015-05-03 19:46:24 +0000
I, [2015-05-03T19:46:24.876769 #8541]  INFO -- : Processing by SessionsController#failure as HTML
I, [2015-05-03T19:46:24.876948 #8541]  INFO -- :   Parameters: {"message"=>"invalid_credentials", "strategy"=>"facebook"}
I, [2015-05-03T19:46:24.880850 #8541]  INFO -- :   Rendered sessions/failure.html.erb within layouts/application (0.3ms)
I, [2015-05-03T19:46:24.883042 #8541]  INFO -- : Completed 200 OK in 6ms (Views: 4.3ms | ActiveRecord: 0.0ms)
I, [2015-05-03T19:46:25.259686 #8541]  INFO -- : Started GET "/auth/failure?message=invalid_credentials&strategy=facebook" for 200.100.26.190 at 2015-05-03 19:46:25 +0000
I, [2015-05-03T19:46:25.264407 #8541]  INFO -- : Processing by SessionsController#failure as HTML
I, [2015-05-03T19:46:25.264769 #8541]  INFO -- :   Parameters: {"message"=>"invalid_credentials", "strategy"=>"facebook"}
I, [2015-05-03T19:46:25.268445 #8541]  INFO -- :   Rendered sessions/failure.html.erb within layouts/application (0.1ms)
I, [2015-05-03T19:46:25.270487 #8541]  INFO -- : Completed 200 OK in 5ms (Views: 2.8ms | ActiveRecord: 0.0ms)
I, [2015-05-03T19:46:44.206944 #8544]  INFO -- : Started GET "/auth/facebook" for 189.55.133.117 at 2015-05-03 19:46:44 +0000
I, [2015-05-03T19:46:44.889123 #8538]  INFO -- : Started GET "/auth/facebook/callback?code=AQAR4Yg4n4rZWZMCBILBfiT7xPF2nleHDUhTwQctEQfPlxZrkph_8TbuAez8mrsPmAGTJUKNTvbB8wS3bagtlz2x_GWVFf0lEnOUPi_CzIcYj7ZT9zNObLPkp2m7wzz8SnUyAoOLPQeBaV0Gxb-_f7L75sxUakO23LQWWpoTpAXz0FZrIfOFAo704pnG_DEcaKDLHi8MSixVqXV-o8RwwFck9hwDGWEoywRgpITAkpEHki50GKnSJLNAwMnpiwlOpkj5i1dDom2GXhA_yO_zYE3gksoeuTUAOy2ZDLVliA3EKGsWmoek6-32FCmTbvbQ3EffKD09ufVOnlF0ters0BOI&state=6535144f52c74d41ba71387d16abaa6ef235f9bd8fd6c8d7" for 189.55.133.117 at 2015-05-03 19:46:44 +0000
I, [2015-05-03T19:46:45.274876 #8544]  INFO -- : Started GET "/auth/failure?message=invalid_credentials&strategy=facebook" for 189.55.133.117 at 2015-05-03 19:46:45 +0000
I, [2015-05-03T19:46:45.327516 #8544]  INFO -- : Processing by SessionsController#failure as HTML
I, [2015-05-03T19:46:45.327739 #8544]  INFO -- :   Parameters: {"message"=>"invalid_credentials", "strategy"=>"facebook"}
I, [2015-05-03T19:46:45.329962 #8544]  INFO -- :   Rendered sessions/failure.html.erb within layouts/application (0.1ms)
I, [2015-05-03T19:46:45.335804 #8544]  INFO -- : Completed 200 OK in 8ms (Views: 6.5ms | ActiveRecord: 0.0ms)
I, [2015-05-03T19:46:45.712974 #8538]  INFO -- : Started GET "/auth/failure?message=invalid_credentials&strategy=facebook" for 189.55.133.117 at 2015-05-03 19:46:45 +0000
I, [2015-05-03T19:46:45.727244 #8538]  INFO -- : Processing by SessionsController#failure as HTML
I, [2015-05-03T19:46:45.727632 #8538]  INFO -- :   Parameters: {"message"=>"invalid_credentials", "strategy"=>"facebook"}
I, [2015-05-03T19:46:45.732572 #8538]  INFO -- :   Rendered sessions/failure.html.erb within layouts/application (0.4ms)
I, [2015-05-03T19:46:45.736336 #8538]  INFO -- : Completed 200 OK in 8ms (Views: 6.1ms | ActiveRecord: 0.0ms)
I, [2015-05-03T19:46:51.816007 #8544]  INFO -- : Started GET "/auth/facebook" for 189.55.133.117 at 2015-05-03 19:46:51 +0000
I, [2015-05-03T19:46:52.213924 #8538]  INFO -- : Started GET "/auth/facebook/callback?code=AQBqGvM-MVqU_wdKKQsVv1rir2cG7WkVjT4dCVEhnZYTt7I4xnA3QJ1BBPi9JqWXbsE8OHYrNZXVvOMxidH-PagHURPGW1YragGmvQE5wrqrEl88ewH0ctLsoz8ArUzCdyrepEj8YXTlTcQKWsVwIeAIRWT8_zJ5WxHGnjPXt2Yp0Z4yVxHE25122CbZMihhJeqjAaoZE0koV6x0E5X3Hc9fUuRCyCpKtIr7-zpBBDD5SPfjev99S15s81J7NjbG3hQ7qF51h7pwuFwVatNDRcMFpNQK6oZgia-6LJJ9WAvV86cSBkIN8S-IziwBcTHcatY22lLJAdx7FiabmESwkvrI&state=055a07ed896c821fef6e307d0aaae4339c81f825e87c332a" for 189.55.133.117 at 2015-05-03 19:46:52 +0000
I, [2015-05-03T19:46:52.576340 #8544]  INFO -- : Started GET "/auth/failure?message=invalid_credentials&strategy=facebook" for 189.55.133.117 at 2015-05-03 19:46:52 +0000
I, [2015-05-03T19:46:52.585494 #8544]  INFO -- : Processing by SessionsController#failure as HTML
I, [2015-05-03T19:46:52.585784 #8544]  INFO -- :   Parameters: {"message"=>"invalid_credentials", "strategy"=>"facebook"}
I, [2015-05-03T19:46:52.589745 #8544]  INFO -- :   Rendered sessions/failure.html.erb within layouts/application (0.4ms)
I, [2015-05-03T19:46:52.592508 #8544]  INFO -- : Completed 200 OK in 6ms (Views: 4.6ms | ActiveRecord: 0.0ms)
I, [2015-05-03T19:48:30.535404 #8538]  INFO -- : Started GET "/login" for 201.75.161.53 at 2015-05-03 19:48:30 +0000
I, [2015-05-03T19:48:30.539097 #8538]  INFO -- : Processing by SessionsController#new as HTML
I, [2015-05-03T19:48:30.543317 #8538]  INFO -- :   Rendered sessions/new.html.erb within layouts/application (1.3ms)
I, [2015-05-03T19:48:30.544918 #8538]  INFO -- : Completed 200 OK in 6ms (Views: 4.4ms | ActiveRecord: 0.0ms)
I, [2015-05-03T19:49:15.999948 #8541]  INFO -- : Started GET "/" for 177.143.140.83 at 2015-05-03 19:49:15 +0000
I, [2015-05-03T19:49:16.014261 #8541]  INFO -- : Processing by HomeController#index as HTML
I, [2015-05-03T19:49:16.070355 #8541]  INFO -- :   Rendered home/index.html.erb within layouts/application (1.1ms)
I, [2015-05-03T19:49:16.072491 #8541]  INFO -- : Completed 200 OK in 58ms (Views: 52.9ms | ActiveRecord: 0.0ms)
I, [2015-05-03T19:49:21.523615 #8547]  INFO -- : Started GET "/localhost" for 177.143.140.83 at 2015-05-03 19:49:21 +0000
F, [2015-05-03T19:49:21.528286 #8547] FATAL -- : 
ActionController::RoutingError (No route matches [GET] "/localhost"):
  actionpack (4.0.2) lib/action_dispatch/middleware/debug_exceptions.rb:21:in `call'
  actionpack (4.0.2) lib/action_dispatch/middleware/show_exceptions.rb:30:in `call'
  railties (4.0.2) lib/rails/rack/logger.rb:38:in `call_app'
  railties (4.0.2) lib/rails/rack/logger.rb:20:in `block in call'
  activesupport (4.0.2) lib/active_support/tagged_logging.rb:67:in `block in tagged'
  activesupport (4.0.2) lib/active_support/tagged_logging.rb:25:in `tagged'
  activesupport (4.0.2) lib/active_support/tagged_logging.rb:67:in `tagged'
  railties (4.0.2) lib/rails/rack/logger.rb:20:in `call'
  actionpack (4.0.2) lib/action_dispatch/middleware/request_id.rb:21:in `call'
  rack (1.5.2) lib/rack/methodoverride.rb:21:in `call'
  rack (1.5.2) lib/rack/runtime.rb:17:in `call'
  activesupport (4.0.2) lib/active_support/cache/strategy/local_cache.rb:83:in `call'
  rack (1.5.2) lib/rack/sendfile.rb:112:in `call'
  railties (4.0.2) lib/rails/engine.rb:511:in `call'
  railties (4.0.2) lib/rails/application.rb:97:in `call'
  unicorn (4.8.3) lib/unicorn/http_server.rb:576:in `process_client'
  unicorn (4.8.3) lib/unicorn/http_server.rb:670:in `worker_loop'
  unicorn (4.8.3) lib/unicorn/http_server.rb:525:in `spawn_missing_workers'
  unicorn (4.8.3) lib/unicorn/http_server.rb:140:in `start'
  unicorn (4.8.3) bin/unicorn:126:in `<top (required)>'
  /usr/local/rvm/gems/ruby-2.1.3/bin/unicorn:23:in `load'
  /usr/local/rvm/gems/ruby-2.1.3/bin/unicorn:23:in `<main>'
  /usr/local/rvm/gems/ruby-2.0.0-p353/bin/ruby_executable_hooks:15:in `eval'
  /usr/local/rvm/gems/ruby-2.0.0-p353/bin/ruby_executable_hooks:15:in `<main>'


I, [2015-05-03T19:49:26.361528 #8541]  INFO -- : Started GET "/login" for 177.143.140.83 at 2015-05-03 19:49:26 +0000
I, [2015-05-03T19:49:26.374785 #8541]  INFO -- : Processing by SessionsController#new as HTML
I, [2015-05-03T19:49:26.386502 #8541]  INFO -- :   Rendered sessions/new.html.erb within layouts/application (2.1ms)
I, [2015-05-03T19:49:26.391582 #8541]  INFO -- : Completed 200 OK in 16ms (Views: 12.8ms | ActiveRecord: 0.0ms)
I, [2015-05-03T19:49:34.271395 #8544]  INFO -- : Started GET "/auth/facebook" for 177.143.140.83 at 2015-05-03 19:49:34 +0000
I, [2015-05-03T19:49:34.991110 #8538]  INFO -- : Started GET "/auth/facebook/callback?code=AQCvRRpTnzer39yhueFhAtWr6j3ebetw3ZCgUUwkBkYrCFRSY30ajudV5dG1g2CL5QVSv2QfpnvYG82I7wrAkVNtYuCxyZ5GGZlPDzfQ1_fwLo_NBf-XIKGoJggZqCZGwNWmRIYzaYKmbP0Tr5yoYeok7fN0MjQPcYNL2Hnl3Aolw63tivx_lPRJtP7136mOrD-Hi1ZTTHKQp1S7r28agSsrSjj343j9l4iqu9jxPcUpWA-O5xGAMTcjP1_Mg_GD4uYHWbMqAuj3ZmS_aVIFr99HWwMzmHvWwm-AAHDOwUApblAsG5PuvuebP5KLtSFSDVSpujNwoysg6MXAWtJB3uU7&state=5717c3b79451cf426d0b26b9aef7772d8f7311e1fbd4093a" for 177.143.140.83 at 2015-05-03 19:49:34 +0000
I, [2015-05-03T19:49:35.333204 #8544]  INFO -- : Started GET "/auth/failure?message=invalid_credentials&strategy=facebook" for 177.143.140.83 at 2015-05-03 19:49:35 +0000
I, [2015-05-03T19:49:35.336639 #8544]  INFO -- : Processing by SessionsController#failure as HTML
I, [2015-05-03T19:49:35.336723 #8544]  INFO -- :   Parameters: {"message"=>"invalid_credentials", "strategy"=>"facebook"}
I, [2015-05-03T19:49:35.338784 #8544]  INFO -- :   Rendered sessions/failure.html.erb within layouts/application (0.3ms)
I, [2015-05-03T19:49:35.340419 #8544]  INFO -- : Completed 200 OK in 3ms (Views: 2.5ms | ActiveRecord: 0.0ms)
I, [2015-05-03T19:50:53.154852 #8541]  INFO -- : Started GET "/auth/facebook" for 177.143.140.83 at 2015-05-03 19:50:53 +0000
I, [2015-05-03T19:50:53.983566 #8547]  INFO -- : Started GET "/auth/facebook/callback?code=AQC5cjm2TEkFp60CDP8QPUr0oQ4PJn0Ftu1E3UhZWElyvus7q4EKnHwvVMohbT7p66MgMQ5CU6i2v-mRD3gkJvESBO9FqdrVUS0iAU7V21_0q6A0Q98ErBsuHWcHQZjF8_4RGgR2eLD2o-jC91rUViRANJBL9tqOLrxiPCo__U0urSOx5ECjmg0gQk2ti_imVrv-Lzw8eb8ffqwpRwSouWhKwGgd8LsAc-xoAKWMdNFluPJ-Z4_Qs1PkE-v02cJy82wRKlR79AZF5hynq03MCuXipVdiVgzNBfoN-hr9hId5NwnfNF_C-1i2lxpInZx6YnMppiLr2an99oZYHmVWmf5I&state=869795d2dedb43ce8495457c30dc81a0f1e1d9a149e0d4e3" for 177.143.140.83 at 2015-05-03 19:50:53 +0000
I, [2015-05-03T19:50:54.378852 #8541]  INFO -- : Started GET "/auth/failure?message=invalid_credentials&strategy=facebook" for 177.143.140.83 at 2015-05-03 19:50:54 +0000
I, [2015-05-03T19:50:54.388110 #8541]  INFO -- : Processing by SessionsController#failure as HTML
I, [2015-05-03T19:50:54.388347 #8541]  INFO -- :   Parameters: {"message"=>"invalid_credentials", "strategy"=>"facebook"}
I, [2015-05-03T19:50:54.393638 #8541]  INFO -- :   Rendered sessions/failure.html.erb within layouts/application (0.5ms)
I, [2015-05-03T19:50:54.397719 #8541]  INFO -- : Completed 200 OK in 9ms (Views: 6.6ms | ActiveRecord: 0.0ms)
I, [2015-05-03T19:53:05.958948 #8547]  INFO -- : Started GET "/login" for 201.75.161.53 at 2015-05-03 19:53:05 +0000
I, [2015-05-03T19:53:05.966828 #8547]  INFO -- : Processing by SessionsController#new as HTML
I, [2015-05-03T19:53:05.973235 #8547]  INFO -- :   Rendered sessions/new.html.erb within layouts/application (1.1ms)
I, [2015-05-03T19:53:05.974895 #8547]  INFO -- : Completed 200 OK in 8ms (Views: 5.6ms | ActiveRecord: 0.0ms)
I, [2015-05-03T19:56:32.455343 #8538]  INFO -- : Started GET "/auth/facebook" for 189.55.133.117 at 2015-05-03 19:56:32 +0000
I, [2015-05-03T19:56:34.922232 #8541]  INFO -- : Started GET "/auth/facebook/callback?code=AQAflleM-CCSkHFJhJJYC4Yzaaj4r_HcQasehDtY6RTIaJlFJyhupgG6hlSN-QcijJo5rgM_HZz8Pv2tzh03mWuabRHJobdhSZhLin--bCrUqJYZ7zIWaBFxc2BsjtdiHp5eSuaJWFPoAfN-XzpRtFvfw7s4nv7Rp8ugz51kOdihRS5_JGjoq6xzQg7HHyDxTgZAVI7d7iCItXhDiwevZzPnC-1f0ARu0IqNcJF9Zq6u5gqjcOwv6yeJ0cMNHrLAH40HyUsvhyrBSLe9JE9hR0GjC6ynKg4dqTlB9VUu2hAvAx9JoFuLE1qHZ4OI1BFZ-A1cpPNUJcoX0u4nBkmhdEnf&state=398544b231b5d7090d9ebb667f7eaef899b699fd812aef1a" for 189.55.133.117 at 2015-05-03 19:56:34 +0000
I, [2015-05-03T19:56:35.272300 #8538]  INFO -- : Started GET "/auth/failure?message=invalid_credentials&strategy=facebook" for 189.55.133.117 at 2015-05-03 19:56:35 +0000
I, [2015-05-03T19:56:35.278522 #8538]  INFO -- : Processing by SessionsController#failure as HTML
I, [2015-05-03T19:56:35.278741 #8538]  INFO -- :   Parameters: {"message"=>"invalid_credentials", "strategy"=>"facebook"}
I, [2015-05-03T19:56:35.282727 #8538]  INFO -- :   Rendered sessions/failure.html.erb within layouts/application (0.3ms)
I, [2015-05-03T19:56:35.285567 #8538]  INFO -- : Completed 200 OK in 7ms (Views: 5.0ms | ActiveRecord: 0.0ms)
I, [2015-05-03T20:00:10.670171 #8544]  INFO -- : Started GET "/auth" for 177.143.140.83 at 2015-05-03 20:00:10 +0000
F, [2015-05-03T20:00:10.683106 #8544] FATAL -- : 
ActionController::RoutingError (No route matches [GET] "/auth"):
  actionpack (4.0.2) lib/action_dispatch/middleware/debug_exceptions.rb:21:in `call'
  actionpack (4.0.2) lib/action_dispatch/middleware/show_exceptions.rb:30:in `call'
  railties (4.0.2) lib/rails/rack/logger.rb:38:in `call_app'
  railties (4.0.2) lib/rails/rack/logger.rb:20:in `block in call'
  activesupport (4.0.2) lib/active_support/tagged_logging.rb:67:in `block in tagged'
  activesupport (4.0.2) lib/active_support/tagged_logging.rb:25:in `tagged'
  activesupport (4.0.2) lib/active_support/tagged_logging.rb:67:in `tagged'
  railties (4.0.2) lib/rails/rack/logger.rb:20:in `call'
  actionpack (4.0.2) lib/action_dispatch/middleware/request_id.rb:21:in `call'
  rack (1.5.2) lib/rack/methodoverride.rb:21:in `call'
  rack (1.5.2) lib/rack/runtime.rb:17:in `call'
  activesupport (4.0.2) lib/active_support/cache/strategy/local_cache.rb:83:in `call'
  rack (1.5.2) lib/rack/sendfile.rb:112:in `call'
  railties (4.0.2) lib/rails/engine.rb:511:in `call'
  railties (4.0.2) lib/rails/application.rb:97:in `call'
  unicorn (4.8.3) lib/unicorn/http_server.rb:576:in `process_client'
  unicorn (4.8.3) lib/unicorn/http_server.rb:670:in `worker_loop'
  unicorn (4.8.3) lib/unicorn/http_server.rb:525:in `spawn_missing_workers'
  unicorn (4.8.3) lib/unicorn/http_server.rb:140:in `start'
  unicorn (4.8.3) bin/unicorn:126:in `<top (required)>'
  /usr/local/rvm/gems/ruby-2.1.3/bin/unicorn:23:in `load'
  /usr/local/rvm/gems/ruby-2.1.3/bin/unicorn:23:in `<main>'
  /usr/local/rvm/gems/ruby-2.0.0-p353/bin/ruby_executable_hooks:15:in `eval'
  /usr/local/rvm/gems/ruby-2.0.0-p353/bin/ruby_executable_hooks:15:in `<main>'


I, [2015-05-03T20:00:13.796769 #8547]  INFO -- : Started GET "/" for 177.143.140.83 at 2015-05-03 20:00:13 +0000
I, [2015-05-03T20:00:13.804296 #8547]  INFO -- : Processing by HomeController#index as HTML
I, [2015-05-03T20:00:13.807975 #8547]  INFO -- :   Rendered home/index.html.erb within layouts/application (0.2ms)
I, [2015-05-03T20:00:13.810368 #8547]  INFO -- : Completed 200 OK in 6ms (Views: 3.6ms | ActiveRecord: 0.0ms)
I, [2015-05-03T20:00:19.075488 #8544]  INFO -- : Started GET "/logout" for 200.100.26.190 at 2015-05-03 20:00:19 +0000
F, [2015-05-03T20:00:19.084028 #8544] FATAL -- : 
ActionController::RoutingError (No route matches [GET] "/logout"):
  actionpack (4.0.2) lib/action_dispatch/middleware/debug_exceptions.rb:21:in `call'
  actionpack (4.0.2) lib/action_dispatch/middleware/show_exceptions.rb:30:in `call'
  railties (4.0.2) lib/rails/rack/logger.rb:38:in `call_app'
  railties (4.0.2) lib/rails/rack/logger.rb:20:in `block in call'
  activesupport (4.0.2) lib/active_support/tagged_logging.rb:67:in `block in tagged'
  activesupport (4.0.2) lib/active_support/tagged_logging.rb:25:in `tagged'
  activesupport (4.0.2) lib/active_support/tagged_logging.rb:67:in `tagged'
  railties (4.0.2) lib/rails/rack/logger.rb:20:in `call'
  actionpack (4.0.2) lib/action_dispatch/middleware/request_id.rb:21:in `call'
  rack (1.5.2) lib/rack/methodoverride.rb:21:in `call'
  rack (1.5.2) lib/rack/runtime.rb:17:in `call'
  activesupport (4.0.2) lib/active_support/cache/strategy/local_cache.rb:83:in `call'
  rack (1.5.2) lib/rack/sendfile.rb:112:in `call'
  railties (4.0.2) lib/rails/engine.rb:511:in `call'
  railties (4.0.2) lib/rails/application.rb:97:in `call'
  unicorn (4.8.3) lib/unicorn/http_server.rb:576:in `process_client'
  unicorn (4.8.3) lib/unicorn/http_server.rb:670:in `worker_loop'
  unicorn (4.8.3) lib/unicorn/http_server.rb:525:in `spawn_missing_workers'
  unicorn (4.8.3) lib/unicorn/http_server.rb:140:in `start'
  unicorn (4.8.3) bin/unicorn:126:in `<top (required)>'
  /usr/local/rvm/gems/ruby-2.1.3/bin/unicorn:23:in `load'
  /usr/local/rvm/gems/ruby-2.1.3/bin/unicorn:23:in `<main>'
  /usr/local/rvm/gems/ruby-2.0.0-p353/bin/ruby_executable_hooks:15:in `eval'
  /usr/local/rvm/gems/ruby-2.0.0-p353/bin/ruby_executable_hooks:15:in `<main>'


I, [2015-05-03T20:00:25.447132 #8547]  INFO -- : Started GET "/" for 200.100.26.190 at 2015-05-03 20:00:25 +0000
I, [2015-05-03T20:00:25.450243 #8547]  INFO -- : Processing by HomeController#index as HTML
I, [2015-05-03T20:00:25.452143 #8547]  INFO -- :   Rendered home/index.html.erb within layouts/application (0.1ms)
I, [2015-05-03T20:00:25.453491 #8547]  INFO -- : Completed 200 OK in 3ms (Views: 2.1ms | ActiveRecord: 0.0ms)
I, [2015-05-03T20:00:28.286753 #8544]  INFO -- : Started GET "/auth/facebook" for 200.100.26.190 at 2015-05-03 20:00:28 +0000
I, [2015-05-03T20:00:28.840410 #8547]  INFO -- : Started GET "/auth/facebook/callback?code=AQCMD01d75kLv8JjmyILsF0SfuN4rgA2Mi6aORkbw3f8rW_an3JgEC5i2KoKKgmMnq_bwVfT6J5Ha52vBOYGDE02AMgvC0EmkPykI8O-v0iNxBV_6M-z0V3hY__yl-a1W9Ei5DR-Ke8OBuSOveDZl9BMvahkJ1O-8D5AIaSTbH7E62C-4DM1B7ofVFKN4v-NAs6CH5PFqmQFuE8Phys5oeB0624Owk6kaiz9vKSM7TnHTLDWtFAothKueh8ZO-rx4ZAstEMAQfIeRF_5adsK2h9shY72dIvR92276ujmQ-9H8q9yWuP81mHeV0f8BZVQAQyq3zV6bWr1mpYFZQ765WoW&state=7a62f2a9d8974783e7397c03ad5dc1be7c74960cbcb9de2d" for 200.100.26.190 at 2015-05-03 20:00:28 +0000
I, [2015-05-03T20:00:29.276916 #8544]  INFO -- : Started GET "/auth/failure?message=invalid_credentials&strategy=facebook" for 200.100.26.190 at 2015-05-03 20:00:29 +0000
I, [2015-05-03T20:00:29.283745 #8544]  INFO -- : Processing by SessionsController#failure as HTML
I, [2015-05-03T20:00:29.283985 #8544]  INFO -- :   Parameters: {"message"=>"invalid_credentials", "strategy"=>"facebook"}
I, [2015-05-03T20:00:29.288568 #8544]  INFO -- :   Rendered sessions/failure.html.erb within layouts/application (0.6ms)
I, [2015-05-03T20:00:29.291767 #8544]  INFO -- : Completed 200 OK in 7ms (Views: 5.2ms | ActiveRecord: 0.0ms)
I, [2015-05-03T20:00:42.333407 #8547]  INFO -- : Started GET "/auth/logout" for 200.100.26.190 at 2015-05-03 20:00:42 +0000
F, [2015-05-03T20:00:42.342649 #8547] FATAL -- : 
ActionController::RoutingError (No route matches [GET] "/auth/logout"):
  actionpack (4.0.2) lib/action_dispatch/middleware/debug_exceptions.rb:21:in `call'
  actionpack (4.0.2) lib/action_dispatch/middleware/show_exceptions.rb:30:in `call'
  railties (4.0.2) lib/rails/rack/logger.rb:38:in `call_app'
  railties (4.0.2) lib/rails/rack/logger.rb:20:in `block in call'
  activesupport (4.0.2) lib/active_support/tagged_logging.rb:67:in `block in tagged'
  activesupport (4.0.2) lib/active_support/tagged_logging.rb:25:in `tagged'
  activesupport (4.0.2) lib/active_support/tagged_logging.rb:67:in `tagged'
  railties (4.0.2) lib/rails/rack/logger.rb:20:in `call'
  actionpack (4.0.2) lib/action_dispatch/middleware/request_id.rb:21:in `call'
  rack (1.5.2) lib/rack/methodoverride.rb:21:in `call'
  rack (1.5.2) lib/rack/runtime.rb:17:in `call'
  activesupport (4.0.2) lib/active_support/cache/strategy/local_cache.rb:83:in `call'
  rack (1.5.2) lib/rack/sendfile.rb:112:in `call'
  railties (4.0.2) lib/rails/engine.rb:511:in `call'
  railties (4.0.2) lib/rails/application.rb:97:in `call'
  unicorn (4.8.3) lib/unicorn/http_server.rb:576:in `process_client'
  unicorn (4.8.3) lib/unicorn/http_server.rb:670:in `worker_loop'
  unicorn (4.8.3) lib/unicorn/http_server.rb:525:in `spawn_missing_workers'
  unicorn (4.8.3) lib/unicorn/http_server.rb:140:in `start'
  unicorn (4.8.3) bin/unicorn:126:in `<top (required)>'
  /usr/local/rvm/gems/ruby-2.1.3/bin/unicorn:23:in `load'
  /usr/local/rvm/gems/ruby-2.1.3/bin/unicorn:23:in `<main>'
  /usr/local/rvm/gems/ruby-2.0.0-p353/bin/ruby_executable_hooks:15:in `eval'
  /usr/local/rvm/gems/ruby-2.0.0-p353/bin/ruby_executable_hooks:15:in `<main>'


I, [2015-05-03T20:00:46.901719 #8538]  INFO -- : Started GET "/logout" for 200.100.26.190 at 2015-05-03 20:00:46 +0000
F, [2015-05-03T20:00:46.911622 #8538] FATAL -- : 
ActionController::RoutingError (No route matches [GET] "/logout"):
  actionpack (4.0.2) lib/action_dispatch/middleware/debug_exceptions.rb:21:in `call'
  actionpack (4.0.2) lib/action_dispatch/middleware/show_exceptions.rb:30:in `call'
  railties (4.0.2) lib/rails/rack/logger.rb:38:in `call_app'
  railties (4.0.2) lib/rails/rack/logger.rb:20:in `block in call'
  activesupport (4.0.2) lib/active_support/tagged_logging.rb:67:in `block in tagged'
  activesupport (4.0.2) lib/active_support/tagged_logging.rb:25:in `tagged'
  activesupport (4.0.2) lib/active_support/tagged_logging.rb:67:in `tagged'
  railties (4.0.2) lib/rails/rack/logger.rb:20:in `call'
  actionpack (4.0.2) lib/action_dispatch/middleware/request_id.rb:21:in `call'
  rack (1.5.2) lib/rack/methodoverride.rb:21:in `call'
  rack (1.5.2) lib/rack/runtime.rb:17:in `call'
  activesupport (4.0.2) lib/active_support/cache/strategy/local_cache.rb:83:in `call'
  rack (1.5.2) lib/rack/sendfile.rb:112:in `call'
  railties (4.0.2) lib/rails/engine.rb:511:in `call'
  railties (4.0.2) lib/rails/application.rb:97:in `call'
  unicorn (4.8.3) lib/unicorn/http_server.rb:576:in `process_client'
  unicorn (4.8.3) lib/unicorn/http_server.rb:670:in `worker_loop'
  unicorn (4.8.3) lib/unicorn/http_server.rb:525:in `spawn_missing_workers'
  unicorn (4.8.3) lib/unicorn/http_server.rb:140:in `start'
  unicorn (4.8.3) bin/unicorn:126:in `<top (required)>'
  /usr/local/rvm/gems/ruby-2.1.3/bin/unicorn:23:in `load'
  /usr/local/rvm/gems/ruby-2.1.3/bin/unicorn:23:in `<main>'
  /usr/local/rvm/gems/ruby-2.0.0-p353/bin/ruby_executable_hooks:15:in `eval'
  /usr/local/rvm/gems/ruby-2.0.0-p353/bin/ruby_executable_hooks:15:in `<main>'


I, [2015-05-03T20:04:34.421173 #8541]  INFO -- : Started GET "/auth/facebook" for 189.55.133.117 at 2015-05-03 20:04:34 +0000
I, [2015-05-03T20:04:34.825648 #8544]  INFO -- : Started GET "/auth/facebook/callback?code=AQCDsdMbRtK2jP41brQJxcrsPxPQKwGpsF0T4Gq5SPfh3wmkBLqWWk5O80nB2z0LnCKu0_UOxva0O3SrggQoqSXf0FhzWv11yrJnffR41fSdyDV-FJ5AaMipNiDWUBBHnhRQNCyoy1Anmk-SaR_S7NiJEfJNutb3bW4qvflT1QjIUt5uF8OtKSTIwXHdJdWQDexPx7qrsD-2udHQNHjTpAzrTUBWjWlY38-6AX0wX2xP00Iva-qzikQtJTGi1xqh2K6FvsJc9GRkisKyvt6kJ5w1xK56N-jdhAAXz78EgCmCSBwPhk8Z9xyGbR-ePKVK4ifY7u9hA0uoMF9w-QqZMhMq&state=3140ede1d4a7020033b3ad57182a7dd15838f552551fe84b" for 189.55.133.117 at 2015-05-03 20:04:34 +0000
I, [2015-05-03T20:04:35.188786 #8541]  INFO -- : Started GET "/auth/failure?message=invalid_credentials&strategy=facebook" for 189.55.133.117 at 2015-05-03 20:04:35 +0000
I, [2015-05-03T20:04:35.195983 #8541]  INFO -- : Processing by SessionsController#failure as HTML
I, [2015-05-03T20:04:35.196237 #8541]  INFO -- :   Parameters: {"message"=>"invalid_credentials", "strategy"=>"facebook"}
I, [2015-05-03T20:04:35.201062 #8541]  INFO -- :   Rendered sessions/failure.html.erb within layouts/application (0.3ms)
I, [2015-05-03T20:04:35.204876 #8541]  INFO -- : Completed 200 OK in 8ms (Views: 6.0ms | ActiveRecord: 0.0ms)
I, [2015-05-03T20:05:14.961592 #8544]  INFO -- : Started GET "/login" for 177.143.140.83 at 2015-05-03 20:05:14 +0000
I, [2015-05-03T20:05:14.967802 #8544]  INFO -- : Processing by SessionsController#new as HTML
I, [2015-05-03T20:05:14.973064 #8544]  INFO -- :   Rendered sessions/new.html.erb within layouts/application (1.5ms)
I, [2015-05-03T20:05:14.975079 #8544]  INFO -- : Completed 200 OK in 7ms (Views: 5.4ms | ActiveRecord: 0.0ms)
I, [2015-05-03T20:05:20.724237 #8547]  INFO -- : Started GET "/auth/facebook" for 177.143.140.83 at 2015-05-03 20:05:20 +0000
I, [2015-05-03T20:05:21.117696 #8538]  INFO -- : Started GET "/auth/facebook/callback?code=AQDIRF-YGAHJTRXTsArnc3bNJinQ4VaNi1aaI60-wuokF6-rFwMTcYCR-nDOUj-jKFGMXhwS-MiNHxsGSoA7G7Pq9tiJsFMpp3GSsibSggy3cNJJUc_pzPo6fMGr54wolKT1BZO1snpj0hTvTZcrzu62cUQaP8En5d6JN8OLobYOSjY63Y6e4KSqUrWUpoAJFiuz4vFRm1urox4rKWJXGkiGftfMpULUdwDR4h2alDXU8nbnWwmbPlbHpUVZXaXaJlqcNgYwutCPmWF0CH7GQ_0ZfysYiz0Fdu7p5v06RcRRmad_hLScjN0rlPj50z41EIPDx1PQUq6Pfgad024GlC8C&state=5b539a80a3c0912fa304a47877fd50bbb132702cbcb51526" for 177.143.140.83 at 2015-05-03 20:05:21 +0000
I, [2015-05-03T20:05:21.472242 #8547]  INFO -- : Started GET "/auth/failure?message=invalid_credentials&strategy=facebook" for 177.143.140.83 at 2015-05-03 20:05:21 +0000
I, [2015-05-03T20:05:21.489272 #8547]  INFO -- : Processing by SessionsController#failure as HTML
I, [2015-05-03T20:05:21.489554 #8547]  INFO -- :   Parameters: {"message"=>"invalid_credentials", "strategy"=>"facebook"}
I, [2015-05-03T20:05:21.497093 #8547]  INFO -- :   Rendered sessions/failure.html.erb within layouts/application (1.8ms)
I, [2015-05-03T20:05:21.500032 #8547]  INFO -- : Completed 200 OK in 10ms (Views: 8.4ms | ActiveRecord: 0.0ms)
I, [2015-05-03T20:05:27.163678 #8538]  INFO -- : Started GET "/jmx-console/" for 222.186.21.115 at 2015-05-03 20:05:27 +0000
F, [2015-05-03T20:05:27.166437 #8538] FATAL -- : 
ActionController::RoutingError (No route matches [GET] "/jmx-console"):
  actionpack (4.0.2) lib/action_dispatch/middleware/debug_exceptions.rb:21:in `call'
  actionpack (4.0.2) lib/action_dispatch/middleware/show_exceptions.rb:30:in `call'
  railties (4.0.2) lib/rails/rack/logger.rb:38:in `call_app'
  railties (4.0.2) lib/rails/rack/logger.rb:20:in `block in call'
  activesupport (4.0.2) lib/active_support/tagged_logging.rb:67:in `block in tagged'
  activesupport (4.0.2) lib/active_support/tagged_logging.rb:25:in `tagged'
  activesupport (4.0.2) lib/active_support/tagged_logging.rb:67:in `tagged'
  railties (4.0.2) lib/rails/rack/logger.rb:20:in `call'
  actionpack (4.0.2) lib/action_dispatch/middleware/request_id.rb:21:in `call'
  rack (1.5.2) lib/rack/methodoverride.rb:21:in `call'
  rack (1.5.2) lib/rack/runtime.rb:17:in `call'
  activesupport (4.0.2) lib/active_support/cache/strategy/local_cache.rb:83:in `call'
  rack (1.5.2) lib/rack/sendfile.rb:112:in `call'
  railties (4.0.2) lib/rails/engine.rb:511:in `call'
  railties (4.0.2) lib/rails/application.rb:97:in `call'
  unicorn (4.8.3) lib/unicorn/http_server.rb:576:in `process_client'
  unicorn (4.8.3) lib/unicorn/http_server.rb:670:in `worker_loop'
  unicorn (4.8.3) lib/unicorn/http_server.rb:525:in `spawn_missing_workers'
  unicorn (4.8.3) lib/unicorn/http_server.rb:140:in `start'
  unicorn (4.8.3) bin/unicorn:126:in `<top (required)>'
  /usr/local/rvm/gems/ruby-2.1.3/bin/unicorn:23:in `load'
  /usr/local/rvm/gems/ruby-2.1.3/bin/unicorn:23:in `<main>'
  /usr/local/rvm/gems/ruby-2.0.0-p353/bin/ruby_executable_hooks:15:in `eval'
  /usr/local/rvm/gems/ruby-2.0.0-p353/bin/ruby_executable_hooks:15:in `<main>'


I, [2015-05-03T20:09:17.125581 #8547]  INFO -- : Started GET "/auth/facebook" for 189.55.133.117 at 2015-05-03 20:09:17 +0000
I, [2015-05-03T20:09:17.523062 #8544]  INFO -- : Started GET "/auth/facebook/callback?code=AQB_rVC9taeKftVU_CwEfYiPQaZX2Vo2GVBVcJXxU32GIB-o0dVs-62ERfLoUd4uxftocIXJLBD6_H1LxFZ-81y67nc30YWZJfao8RJx1XwrdBZsbWZMypFKVEr4j8kpDrJnQK0yQJmXNxPuKSQPQXZMBbmwaoltsH4UVLH4DyPHuFiJhLmgDaZZ2l3vt64IAyPGntANWc7rdKBMkmDNcuQIh2tx6r9hx3vIHjT9ukn1v33MUh4WKUAinmnr7NBPr2mVhLyfViiDUA8nWL3kpjyXJzCk67Ec8QXczkhMJg1HRdpRSone-yS_P712t3HdjBPBrkRZ51eQa-p5CeQnGNrf&state=6e9c515eddbd778671d5f84371baee06a43f2c8ecb7433a2" for 189.55.133.117 at 2015-05-03 20:09:17 +0000
I, [2015-05-03T20:09:17.891628 #8547]  INFO -- : Started GET "/auth/failure?message=invalid_credentials&strategy=facebook" for 189.55.133.117 at 2015-05-03 20:09:17 +0000
I, [2015-05-03T20:09:17.903778 #8547]  INFO -- : Processing by SessionsController#failure as HTML
I, [2015-05-03T20:09:17.904162 #8547]  INFO -- :   Parameters: {"message"=>"invalid_credentials", "strategy"=>"facebook"}
I, [2015-05-03T20:09:17.911050 #8547]  INFO -- :   Rendered sessions/failure.html.erb within layouts/application (0.4ms)
I, [2015-05-03T20:09:17.916392 #8547]  INFO -- : Completed 200 OK in 12ms (Views: 8.9ms | ActiveRecord: 0.0ms)
I, [2015-05-03T20:10:41.505719 #8544]  INFO -- : Started GET "/auth/failure?message=invalid_credentials&strategy=facebook" for 189.55.133.117 at 2015-05-03 20:10:41 +0000
I, [2015-05-03T20:10:41.517033 #8544]  INFO -- : Processing by SessionsController#failure as HTML
I, [2015-05-03T20:10:41.517293 #8544]  INFO -- :   Parameters: {"message"=>"invalid_credentials", "strategy"=>"facebook"}
I, [2015-05-03T20:10:41.524097 #8544]  INFO -- :   Rendered sessions/failure.html.erb within layouts/application (0.5ms)
I, [2015-05-03T20:10:41.527524 #8544]  INFO -- : Completed 200 OK in 10ms (Views: 6.3ms | ActiveRecord: 0.0ms)
I, [2015-05-03T20:10:49.100129 #10196]  INFO -- : Started GET "/login" for 201.75.161.53 at 2015-05-03 20:10:49 +0000
I, [2015-05-03T20:10:49.181078 #10196]  INFO -- : Processing by SessionsController#new as HTML
I, [2015-05-03T20:10:49.191036 #10196]  INFO -- :   Rendered sessions/new.html.erb within layouts/application (0.5ms)
I, [2015-05-03T20:10:49.192386 #10196]  INFO -- : Completed 200 OK in 11ms (Views: 3.5ms | ActiveRecord: 0.0ms)
I, [2015-05-03T20:10:50.218689 #10194]  INFO -- : Started GET "/login" for 201.75.161.53 at 2015-05-03 20:10:50 +0000
I, [2015-05-03T20:10:50.321263 #10194]  INFO -- : Processing by SessionsController#new as HTML
I, [2015-05-03T20:10:50.334220 #10194]  INFO -- :   Rendered sessions/new.html.erb within layouts/application (0.8ms)
I, [2015-05-03T20:10:50.336562 #10194]  INFO -- : Completed 200 OK in 15ms (Views: 6.1ms | ActiveRecord: 0.0ms)
I, [2015-05-03T20:10:51.277678 #10196]  INFO -- : Started GET "/login" for 201.75.161.53 at 2015-05-03 20:10:51 +0000
I, [2015-05-03T20:10:51.280456 #10196]  INFO -- : Processing by SessionsController#new as HTML
I, [2015-05-03T20:10:51.281946 #10196]  INFO -- :   Rendered sessions/new.html.erb within layouts/application (0.1ms)
I, [2015-05-03T20:10:51.283040 #10196]  INFO -- : Completed 200 OK in 2ms (Views: 1.7ms | ActiveRecord: 0.0ms)
I, [2015-05-03T20:10:59.141928 #10194]  INFO -- : Started GET "/auth/facebook" for 189.55.133.117 at 2015-05-03 20:10:59 +0000
I, [2015-05-03T20:10:59.556017 #10196]  INFO -- : Started GET "/auth/facebook/callback?code=AQDvY5kk2d13duB3vDrZWjh0iesBrID5PrPZDafxWgvkUptpFT4tMXMP-6gVpk2HSZoXOCW_mhGGd_BecWaRT_TZLuKZsXUBycrHbv8Ayb3Cv8MCYtwb4kjf0fYdDmAbIPci0oVtzNMXetPxh101_xa25H5knp_NvFhfcRCPL4GfZq0n0uEJPTZvYi_it4Rc42V7LFAxgmjEJ3ix8G18V9H1gKyaEOL8QqDTWZXclsprV23o0Q5Ty9GEyhaQg7kUaYann6VqXRIX_JP6EL5kFkBKEW5A0SgQzkDjHAwpv2GUFANXX0zgEjuqGbYLqsSBkutSO3N8uA1qwUl7F5CBKb8M&state=3ee3fe5b6d05cd0c20575f50e999939e9947e07b3569099c" for 189.55.133.117 at 2015-05-03 20:10:59 +0000
I, [2015-05-03T20:10:59.944227 #10194]  INFO -- : Started GET "/auth/failure?message=invalid_credentials&strategy=facebook" for 189.55.133.117 at 2015-05-03 20:10:59 +0000
I, [2015-05-03T20:10:59.948820 #10194]  INFO -- : Processing by SessionsController#failure as HTML
I, [2015-05-03T20:10:59.949008 #10194]  INFO -- :   Parameters: {"message"=>"invalid_credentials", "strategy"=>"facebook"}
I, [2015-05-03T20:10:59.951042 #10194]  INFO -- :   Rendered text template (0.1ms)
I, [2015-05-03T20:10:59.951716 #10194]  INFO -- : Completed 200 OK in 2ms (Views: 1.1ms | ActiveRecord: 0.0ms)
I, [2015-05-03T20:11:26.217238 #10196]  INFO -- : Started GET "/auth/failure?message=invalid_credentials&strategy=facebook" for 189.55.133.117 at 2015-05-03 20:11:26 +0000
I, [2015-05-03T20:11:26.228740 #10196]  INFO -- : Processing by SessionsController#failure as HTML
I, [2015-05-03T20:11:26.229092 #10196]  INFO -- :   Parameters: {"message"=>"invalid_credentials", "strategy"=>"facebook"}
I, [2015-05-03T20:11:26.232723 #10196]  INFO -- :   Rendered text template (0.1ms)
I, [2015-05-03T20:11:26.233286 #10196]  INFO -- : Completed 200 OK in 4ms (Views: 1.4ms | ActiveRecord: 0.0ms)
I, [2015-05-03T20:11:26.912084 #10191]  INFO -- : Started GET "/auth/facebook" for 200.100.26.190 at 2015-05-03 20:11:26 +0000
I, [2015-05-03T20:11:27.560218 #10196]  INFO -- : Started GET "/auth/facebook/callback?code=AQBRSIxY_hobMZLJFkd2eJFNJ8foDoXsXQaHU44R6KgZJum5lJBKrXA2De0Ber2JXakjtnXm1C7AGrJiqYDKF9uThzxAZDv2kYiniaNL5HSMekYhWXp6yiT_6E4vDKuHfaZGiHdRrA4yB6HRUkmLE1CJ64q7UtRNVdCGvykjAxq1x-Yn-xh6D6pNw_yqChNQ0Y1j3VKwIoTMz_lQHetMbl8cDYZKTLaSohEQRr9hMTZeYWcnfgKRg6RfzN-3NkBAyqBzvVCDkfV9Is7KpRZ0buLpZqk1rSWch2_SKV5klgrqIXdx68A4VkBrISpgWs3f37OzQ4CQqisAYw95mAZiwjCa&state=54bf49dc542097027b39115deee0d648bbcd620838401ca7" for 200.100.26.190 at 2015-05-03 20:11:27 +0000
I, [2015-05-03T20:11:27.964870 #10191]  INFO -- : Started GET "/auth/failure?message=invalid_credentials&strategy=facebook" for 200.100.26.190 at 2015-05-03 20:11:27 +0000
I, [2015-05-03T20:11:27.969226 #10191]  INFO -- : Processing by SessionsController#failure as HTML
I, [2015-05-03T20:11:27.969388 #10191]  INFO -- :   Parameters: {"message"=>"invalid_credentials", "strategy"=>"facebook"}
I, [2015-05-03T20:11:27.971160 #10191]  INFO -- :   Rendered text template (0.0ms)
I, [2015-05-03T20:11:27.971421 #10191]  INFO -- : Completed 200 OK in 2ms (Views: 0.8ms | ActiveRecord: 0.0ms)
I, [2015-05-03T20:11:33.005493 #10196]  INFO -- : Started GET "/login" for 201.75.161.53 at 2015-05-03 20:11:33 +0000
I, [2015-05-03T20:11:33.008175 #10196]  INFO -- : Processing by SessionsController#new as HTML
I, [2015-05-03T20:11:33.010625 #10196]  INFO -- :   Rendered sessions/new.html.erb within layouts/application (0.2ms)
I, [2015-05-03T20:11:33.013006 #10196]  INFO -- : Completed 200 OK in 5ms (Views: 3.3ms | ActiveRecord: 0.0ms)
I, [2015-05-03T20:11:35.093364 #10194]  INFO -- : Started GET "/auth/failure?message=invalid_credentials&strategy=facebook" for 189.55.133.117 at 2015-05-03 20:11:35 +0000
I, [2015-05-03T20:11:35.096659 #10194]  INFO -- : Processing by SessionsController#failure as HTML
I, [2015-05-03T20:11:35.096750 #10194]  INFO -- :   Parameters: {"message"=>"invalid_credentials", "strategy"=>"facebook"}
I, [2015-05-03T20:11:35.098211 #10194]  INFO -- :   Rendered text template (0.0ms)
I, [2015-05-03T20:11:35.098497 #10194]  INFO -- : Completed 200 OK in 2ms (Views: 0.6ms | ActiveRecord: 0.0ms)
I, [2015-05-03T20:11:38.503851 #10196]  INFO -- : Started GET "/auth/facebook" for 201.75.161.53 at 2015-05-03 20:11:38 +0000
I, [2015-05-03T20:11:38.930396 #10194]  INFO -- : Started GET "/auth/facebook/callback?code=AQADqlHOQcW1LbtBVb1HqZQDIxMy0d4uNZkIPyREZlEcNWFZrbEM3qSCxRWWjgEHMWX-1z25eNnb1K7r7WbkiVLQrJvZz0tL9Z1iCyCAVp7AwQIv8VYliMLE_mKjoWj-YqeGEGaRJfTqJBZgCisyry4V2DXEFPAV9XlinbPpqd4wCaoykliigKpFpwYVdjgLeqQROuvXyKJBUuThqvgJQqe8T81WvnHhXUZKUHfHBWYou2EKDl6JNUn174GHmJLYBxBulXQf9UqBcywgSyYMkMeHAzdwJZ4lBq80eVMztLoEuRXZ2CgtNV3hrTKYIYU9aulQe-tABrTuMsE86r_mNyi1&state=0fabc3885cc639bf0c38ab3d9bbb11999ca2132242a9baf7" for 201.75.161.53 at 2015-05-03 20:11:38 +0000
I, [2015-05-03T20:11:39.286479 #10196]  INFO -- : Started GET "/auth/failure?message=invalid_credentials&strategy=facebook" for 201.75.161.53 at 2015-05-03 20:11:39 +0000
I, [2015-05-03T20:11:39.314828 #10196]  INFO -- : Processing by SessionsController#failure as HTML
I, [2015-05-03T20:11:39.315031 #10196]  INFO -- :   Parameters: {"message"=>"invalid_credentials", "strategy"=>"facebook"}
I, [2015-05-03T20:11:39.316482 #10196]  INFO -- :   Rendered text template (0.0ms)
I, [2015-05-03T20:11:39.316864 #10196]  INFO -- : Completed 200 OK in 2ms (Views: 0.6ms | ActiveRecord: 0.0ms)
I, [2015-05-03T20:11:42.562020 #10194]  INFO -- : Started GET "/auth/facebook" for 189.55.133.117 at 2015-05-03 20:11:42 +0000
I, [2015-05-03T20:11:43.268912 #10196]  INFO -- : Started GET "/auth/facebook/callback?code=AQAe9-vzpyV4_b6i-gaFYlUjme2j5s7whAln1DCb1d3yyk1TBI6WocZ0BFHR1w00yr_ahLuWCnsj7ZD_k3C_Ob7gK4ifh1ohkD-ICawenIMdNSyhKHOypG0rqww7ws01a5dVGtCjD8Y64-2GD63fvoCjJPGZxQ0zaPH4lkaZ_aH10xSu5fme0KU1R0-Qh_WaWXLAeRk8IOctBa_kc1G_VA0EasBd_bJcT-g5_IggueB_O3Q_B74E7am8SWSfXV6Flf0zcmfz0eDx7JrnHq5rbKGFxoHUC1o20by5dx1fm9kR-52dLmWlUoDvRbi7Pr8z7PJIuit7uNCLnnynX_1AEF4g&state=9b58980e6bf878e454dc1b39691cf17f2adb6a277fc92982" for 189.55.133.117 at 2015-05-03 20:11:43 +0000
I, [2015-05-03T20:11:43.756557 #10194]  INFO -- : Started GET "/auth/failure?message=invalid_credentials&strategy=facebook" for 189.55.133.117 at 2015-05-03 20:11:43 +0000
I, [2015-05-03T20:11:43.760151 #10194]  INFO -- : Processing by SessionsController#failure as HTML
I, [2015-05-03T20:11:43.760377 #10194]  INFO -- :   Parameters: {"message"=>"invalid_credentials", "strategy"=>"facebook"}
I, [2015-05-03T20:11:43.762862 #10194]  INFO -- :   Rendered text template (0.1ms)
I, [2015-05-03T20:11:43.763504 #10194]  INFO -- : Completed 200 OK in 3ms (Views: 1.1ms | ActiveRecord: 0.0ms)
I, [2015-05-03T20:11:59.505780 #10196]  INFO -- : Started GET "/" for 177.143.140.83 at 2015-05-03 20:11:59 +0000
I, [2015-05-03T20:11:59.507772 #10196]  INFO -- : Processing by HomeController#index as HTML
I, [2015-05-03T20:11:59.510531 #10196]  INFO -- :   Rendered home/index.html.erb within layouts/application (0.4ms)
I, [2015-05-03T20:11:59.511557 #10196]  INFO -- : Completed 200 OK in 4ms (Views: 2.7ms | ActiveRecord: 0.0ms)
I, [2015-05-03T20:12:03.614742 #10191]  INFO -- : Started GET "/login" for 177.143.140.83 at 2015-05-03 20:12:03 +0000
I, [2015-05-03T20:12:03.616715 #10191]  INFO -- : Processing by SessionsController#new as HTML
I, [2015-05-03T20:12:03.619477 #10191]  INFO -- :   Rendered sessions/new.html.erb within layouts/application (0.6ms)
I, [2015-05-03T20:12:03.620912 #10191]  INFO -- : Completed 200 OK in 4ms (Views: 3.4ms | ActiveRecord: 0.0ms)
I, [2015-05-03T20:12:08.938322 #10196]  INFO -- : Started GET "/destroy" for 177.143.140.83 at 2015-05-03 20:12:08 +0000
F, [2015-05-03T20:12:08.942502 #10196] FATAL -- : 
ActionController::RoutingError (No route matches [GET] "/destroy"):
  actionpack (4.0.2) lib/action_dispatch/middleware/debug_exceptions.rb:21:in `call'
  actionpack (4.0.2) lib/action_dispatch/middleware/show_exceptions.rb:30:in `call'
  railties (4.0.2) lib/rails/rack/logger.rb:38:in `call_app'
  railties (4.0.2) lib/rails/rack/logger.rb:20:in `block in call'
  activesupport (4.0.2) lib/active_support/tagged_logging.rb:67:in `block in tagged'
  activesupport (4.0.2) lib/active_support/tagged_logging.rb:25:in `tagged'
  activesupport (4.0.2) lib/active_support/tagged_logging.rb:67:in `tagged'
  railties (4.0.2) lib/rails/rack/logger.rb:20:in `call'
  actionpack (4.0.2) lib/action_dispatch/middleware/request_id.rb:21:in `call'
  rack (1.5.2) lib/rack/methodoverride.rb:21:in `call'
  rack (1.5.2) lib/rack/runtime.rb:17:in `call'
  activesupport (4.0.2) lib/active_support/cache/strategy/local_cache.rb:83:in `call'
  rack (1.5.2) lib/rack/sendfile.rb:112:in `call'
  railties (4.0.2) lib/rails/engine.rb:511:in `call'
  railties (4.0.2) lib/rails/application.rb:97:in `call'
  unicorn (4.8.3) lib/unicorn/http_server.rb:576:in `process_client'
  unicorn (4.8.3) lib/unicorn/http_server.rb:670:in `worker_loop'
  unicorn (4.8.3) lib/unicorn/http_server.rb:525:in `spawn_missing_workers'
  unicorn (4.8.3) lib/unicorn/http_server.rb:140:in `start'
  unicorn (4.8.3) bin/unicorn:126:in `<top (required)>'
  /usr/local/rvm/gems/ruby-2.1.3/bin/unicorn:23:in `load'
  /usr/local/rvm/gems/ruby-2.1.3/bin/unicorn:23:in `<main>'
